0 verbose cli /usr/local/bin/node /usr/local/bin/npm
1 info using npm@10.9.3
2 info using node@v22.19.0
3 silly config load:file:/usr/local/lib/node_modules/npm/npmrc
4 silly config load:file:/srv/agent-workspaces/bakery-traceability/p0-svelte-check/.npmrc
5 silly config load:file:/srv/agent-workspaces/bakery-traceability/p0-svelte-check/.home/.npmrc
6 silly config load:file:/usr/local/etc/npmrc
7 verbose title npm ci
8 verbose argv "ci"
9 verbose logfile logs-max:10 dir:/srv/agent-workspaces/bakery-traceability/p0-svelte-check/.home/.npm/_logs/2026-09-23T03_06_15_424Z-
10 verbose logfile /srv/agent-workspaces/bakery-traceability/p0-svelte-check/.home/.npm/_logs/2026-09-23T03_06_15_424Z-debug-0.log
11 silly logfile done cleaning log files
12 silly packumentCache heap:4345298944 maxSize:1086324736 maxEntrySize:543162368
13 silly idealTree buildDeps
14 silly reify moves {}
15 silly audit bulk request {
15 silly audit   '@cacheable/memory': [ '2.2.0' ],
15 silly audit   '@cacheable/utils': [ '2.5.0' ],
15 silly audit   '@ecies/ciphers': [ '0.2.6' ],
15 silly audit   '@eslint-community/eslint-utils': [ '4.10.1' ],
15 silly audit   'eslint-visitor-keys': [ '3.4.3', '5.0.1', '4.2.1' ],
15 silly audit   '@eslint-community/regexpp': [ '4.12.2' ],
15 silly audit   '@eslint/config-array': [ '0.23.5' ],
15 silly audit   '@eslint/config-helpers': [ '0.7.0' ],
15 silly audit   '@eslint/core': [ '1.2.1' ],
15 silly audit   '@eslint/js': [ '10.0.1' ],
15 silly audit   '@eslint/object-schema': [ '3.0.5' ],
15 silly audit   '@eslint/plugin-kit': [ '0.7.3' ],
15 silly audit   '@humanfs/core': [ '0.19.2' ],
15 silly audit   '@humanfs/node': [ '0.16.8' ],
15 silly audit   '@humanfs/types': [ '0.15.0' ],
15 silly audit   '@humanwhocodes/module-importer': [ '1.0.1' ],
15 silly audit   '@humanwhocodes/retry': [ '0.4.3' ],
15 silly audit   '@jridgewell/gen-mapping': [ '0.3.13' ],
15 silly audit   '@jridgewell/remapping': [ '2.3.5' ],
15 silly audit   '@jridgewell/resolve-uri': [ '3.1.2' ],
15 silly audit   '@jridgewell/sourcemap-codec': [ '1.6.0' ],
15 silly audit   '@jridgewell/trace-mapping': [ '0.3.31' ],
15 silly audit   '@keyv/bigmap': [ '1.3.1' ],
15 silly audit   '@keyv/serialize': [ '1.1.1' ],
15 silly audit   '@noble/ciphers': [ '1.3.0' ],
15 silly audit   '@noble/curves': [ '1.9.7' ],
15 silly audit   '@noble/hashes': [ '1.8.0' ],
15 silly audit   '@oxc-project/types': [ '0.149.0' ],
15 silly audit   '@polka/url': [ '1.0.0-next.29' ],
15 silly audit   '@rolldown/binding-android-arm-eabi': [ '1.2.8' ],
15 silly audit   '@rolldown/binding-android-arm64': [ '1.2.8' ],
15 silly audit   '@rolldown/binding-darwin-arm64': [ '1.2.8' ],
15 silly audit   '@rolldown/binding-darwin-x64': [ '1.2.8' ],
15 silly audit   '@rolldown/binding-freebsd-x64': [ '1.2.8' ],
15 silly audit   '@rolldown/binding-linux-arm-gnueabihf': [ '1.2.8' ],
15 silly audit   '@rolldown/binding-linux-arm64-gnu': [ '1.2.8' ],
15 silly audit   '@rolldown/binding-linux-arm64-musl': [ '1.2.8' ],
15 silly audit   '@rolldown/binding-linux-ppc64-gnu': [ '1.2.8' ],
15 silly audit   '@rolldown/binding-linux-s390x-gnu': [ '1.2.8' ],
15 silly audit   '@rolldown/binding-linux-x64-gnu': [ '1.2.8' ],
15 silly audit   '@rolldown/binding-linux-x64-musl': [ '1.2.8' ],
15 silly audit   '@rolldown/binding-openharmony-arm64': [ '1.2.8' ],
15 silly audit   '@rolldown/binding-win32-arm64-msvc': [ '1.2.8' ],
15 silly audit   '@rolldown/binding-win32-x64-msvc': [ '1.2.8' ],
15 silly audit   '@rolldown/pluginutils': [ '1.0.1' ],
15 silly audit   '@standard-schema/spec': [ '1.1.0' ],
15 silly audit   '@supabase/auth-js': [ '2.116.0' ],
15 silly audit   '@supabase/cli-darwin-arm64': [ '2.117.0' ],
15 silly audit   '@supabase/cli-darwin-x64': [ '2.117.0' ],
15 silly audit   '@supabase/cli-linux-arm64': [ '2.117.0' ],
15 silly audit   '@supabase/cli-linux-arm64-musl': [ '2.117.0' ],
15 silly audit   '@supabase/cli-linux-x64': [ '2.117.0' ],
15 silly audit   '@supabase/cli-linux-x64-musl': [ '2.117.0' ],
15 silly audit   '@supabase/cli-windows-arm64': [ '2.117.0' ],
15 silly audit   '@supabase/cli-windows-x64': [ '2.117.0' ],
15 silly audit   '@supabase/functions-js': [ '2.116.0' ],
15 silly audit   '@supabase/phoenix': [ '0.4.5' ],
15 silly audit   '@supabase/postgrest-js': [ '2.116.0' ],
15 silly audit   '@supabase/realtime-js': [ '2.116.0' ],
15 silly audit   '@supabase/ssr': [ '0.12.7' ],
15 silly audit   cookie: [ '1.1.1', '0.6.0' ],
15 silly audit   '@supabase/storage-js': [ '2.116.0' ],
15 silly audit   '@supabase/supabase-js': [ '2.116.0' ],
15 silly audit   '@sveltejs/acorn-typescript': [ '1.0.13' ],
15 silly audit   '@sveltejs/adapter-auto': [ '7.0.1' ],
15 silly audit   '@sveltejs/kit': [ '2.70.3' ],
15 silly audit   '@sveltejs/load-config': [ '0.2.3' ],
15 silly audit   '@sveltejs/vite-plugin-svelte': [ '7.3.0' ],
15 silly audit   'magic-string': [ '1.3.1', '0.30.21' ],
15 silly audit   '@types/chai': [ '5.2.3' ],
15 silly audit   '@types/cookie': [ '0.6.0' ],
15 silly audit   '@types/deep-eql': [ '4.0.2' ],
15 silly audit   '@types/esrecurse': [ '4.3.1' ],
15 silly audit   '@types/estree': [ '1.0.9' ],
15 silly audit   '@types/json-schema': [ '7.0.15' ],
15 silly audit   '@types/node': [ '24.13.4' ],
15 silly audit   '@typescript-eslint/eslint-plugin': [ '8.70.0' ],
15 silly audit   ignore: [ '7.0.9', '5.3.2' ],
15 silly audit   '@typescript-eslint/parser': [ '8.70.0' ],
15 silly audit   '@typescript-eslint/project-service': [ '8.70.0' ],
15 silly audit   '@typescript-eslint/scope-manager': [ '8.70.0' ],
15 silly audit   '@typescript-eslint/tsconfig-utils': [ '8.70.0' ],
15 silly audit   '@typescript-eslint/type-utils': [ '8.70.0' ],
15 silly audit   '@typescript-eslint/types': [ '8.70.0' ],
15 silly audit   '@typescript-eslint/typescript-estree': [ '8.70.0' ],
15 silly audit   '@typescript-eslint/utils': [ '8.70.0' ],
15 silly audit   '@typescript-eslint/visitor-keys': [ '8.70.0' ],
15 silly audit   '@vitest/mocker': [ '5.0.0' ],
15 silly audit   '@vitest/spy': [ '5.0.0' ],
15 silly audit   acorn: [ '8.18.0' ],
15 silly audit   'acorn-jsx': [ '5.3.2' ],
15 silly audit   ajv: [ '6.15.0' ],
15 silly audit   'aria-query': [ '5.3.1' ],
15 silly audit   'assertion-error': [ '2.0.1' ],
15 silly audit   'axobject-query': [ '4.1.0' ],
15 silly audit   'balanced-match': [ '4.0.4' ],
15 silly audit   'brace-expansion': [ '5.0.9' ],
15 silly audit   cacheable: [ '2.5.0' ],
15 silly audit   chai: [ '6.2.2' ],
15 silly audit   chokidar: [ '4.0.3' ],
15 silly audit   clsx: [ '2.1.1' ],
15 silly audit   'cross-spawn': [ '7.0.6' ],
15 silly audit   cssesc: [ '3.0.0' ],
15 silly audit   debug: [ '4.4.3' ],
15 silly audit   'deep-is': [ '0.1.4' ],
15 silly audit   deepmerge: [ '4.3.1' ],
15 silly audit   'detect-libc': [ '2.1.2' ],
15 silly audit   devalue: [ '5.9.2' ],
15 silly audit   eciesjs: [ '0.5.0' ],
15 silly audit   'es-module-lexer': [ '2.3.2' ],
15 silly audit   'escape-string-regexp': [ '4.0.0' ],
15 silly audit   eslint: [ '10.10.0' ],
15 silly audit   'eslint-config-prettier': [ '10.1.8' ],
15 silly audit   'eslint-plugin-svelte': [ '3.23.0' ],
15 silly audit   globals: [ '16.5.0', '17.12.0' ],
15 silly audit   'eslint-scope': [ '9.1.2', '8.4.0' ],
15 silly audit   'esm-env': [ '1.2.2' ],
15 silly audit   espree: [ '11.2.0', '10.4.0' ],
15 silly audit   esquery: [ '1.7.0' ],
15 silly audit   esrap: [ '2.3.7' ],
15 silly audit   esrecurse: [ '4.3.0' ],
15 silly audit   estraverse: [ '5.3.0' ],
15 silly audit   'estree-walker': [ '3.0.3' ],
15 silly audit   esutils: [ '2.0.3' ],
15 silly audit   'expect-type': [ '1.4.0' ],
15 silly audit   'fast-deep-equal': [ '3.1.3' ],
15 silly audit   'fast-json-stable-stringify': [ '2.1.0' ],
15 silly audit   'fast-levenshtein': [ '2.0.6' ],
15 silly audit   fdir: [ '6.5.0' ],
15 silly audit   'file-entry-cache': [ '11.1.5' ],
15 silly audit   'find-up': [ '5.0.0' ],
15 silly audit   'flat-cache': [ '6.1.23' ],
15 silly audit   flatted: [ '3.4.4' ],
15 silly audit   fsevents: [ '2.3.3' ],
15 silly audit   'glob-parent': [ '6.0.2' ],
15 silly audit   hashery: [ '1.5.1' ],
15 silly audit   hookified: [ '1.15.1', '2.2.0' ],
15 silly audit   'iceberg-js': [ '0.8.1' ],
15 silly audit   imurmurhash: [ '0.1.4' ],
15 silly audit   'is-extglob': [ '2.1.1' ],
15 silly audit   'is-glob': [ '4.0.3' ],
15 silly audit   'is-reference': [ '3.0.3' ],
15 silly audit   isexe: [ '2.0.0' ],
15 silly audit   jose: [ '6.2.12' ],
15 silly audit   'json-schema-traverse': [ '0.4.1' ],
15 silly audit   'json-stable-stringify-without-jsonify': [ '1.0.1' ],
15 silly audit   keyv: [ '5.6.0' ],
15 silly audit   kleur: [ '4.1.5' ],
15 silly audit   'known-css-properties': [ '0.37.0' ],
15 silly audit   levn: [ '0.4.1' ],
15 silly audit   lightningcss: [ '1.33.0' ],
15 silly audit   'lightningcss-android-arm64': [ '1.33.0' ],
15 silly audit   'lightningcss-darwin-arm64': [ '1.33.0' ],
15 silly audit   'lightningcss-darwin-x64': [ '1.33.0' ],
15 silly audit   'lightningcss-freebsd-x64': [ '1.33.0' ],
15 silly audit   'lightningcss-linux-arm-gnueabihf': [ '1.33.0' ],
15 silly audit   'lightningcss-linux-arm64-gnu': [ '1.33.0' ],
15 silly audit   'lightningcss-linux-arm64-musl': [ '1.33.0' ],
15 silly audit   'lightningcss-linux-x64-gnu': [ '1.33.0' ],
15 silly audit   'lightningcss-linux-x64-musl': [ '1.33.0' ],
15 silly audit   'lightningcss-win32-arm64-msvc': [ '1.33.0' ],
15 silly audit   'lightningcss-win32-x64-msvc': [ '1.33.0' ],
15 silly audit   lilconfig: [ '2.1.0' ],
15 silly audit   'locate-character': [ '3.0.0' ],
15 silly audit   'locate-path': [ '6.0.0' ],
15 silly audit   minimatch: [ '10.2.6' ],
15 silly audit   mri: [ '1.2.0' ],
15 silly audit   mrmime: [ '2.0.1' ],
15 silly audit   ms: [ '2.1.3' ],
15 silly audit   nanoid: [ '3.3.19' ],
15 silly audit   'natural-compare': [ '1.4.0' ],
15 silly audit   obug: [ '2.2.1' ],
15 silly audit   optionator: [ '0.9.4' ],
15 silly audit   'p-limit': [ '3.1.0' ],
15 silly audit   'p-locate': [ '5.0.0' ],
15 silly audit   'path-exists': [ '4.0.0' ],
15 silly audit   'path-key': [ '3.1.1' ],
15 silly audit   picocolors: [ '1.1.1' ],
15 silly audit   picomatch: [ '4.0.7' ],
15 silly audit   postcss: [ '8.5.28' ],
15 silly audit   'postcss-load-config': [ '3.1.4' ],
15 silly audit   yaml: [ '1.10.3' ],
15 silly audit   'postcss-safe-parser': [ '7.1.0' ],
15 silly audit   'postcss-scss': [ '4.0.9' ],
15 silly audit   'postcss-selector-parser': [ '7.1.6' ],
15 silly audit   'prelude-ls': [ '1.2.1' ],
15 silly audit   prettier: [ '3.9.6' ],
15 silly audit   'prettier-plugin-svelte': [ '4.1.1' ],
15 silly audit   punycode: [ '2.3.1' ],
15 silly audit   qified: [ '0.10.1' ],
15 silly audit   readdirp: [ '4.1.2' ],
15 silly audit   rolldown: [ '1.2.8' ],
15 silly audit   sade: [ '1.8.1' ],
15 silly audit   semver: [ '7.8.5' ],
15 silly audit   'set-cookie-parser': [ '3.1.2' ],
15 silly audit   'shebang-command': [ '2.0.0' ],
15 silly audit   'shebang-regex': [ '3.0.0' ],
15 silly audit   siginfo: [ '2.0.0' ],
15 silly audit   sirv: [ '3.0.2' ],
15 silly audit   'source-map-js': [ '1.2.1' ],
15 silly audit   stackback: [ '0.0.2' ],
15 silly audit   'std-env': [ '4.2.0' ],
15 silly audit   supabase: [ '2.117.0' ],
15 silly audit   svelte: [ '5.57.0' ],
15 silly audit   'svelte-check': [ '4.7.6' ],
15 silly audit   'svelte-eslint-parser': [ '1.8.1' ],
15 silly audit   tinybench: [ '6.1.4' ],
15 silly audit   tinyexec: [ '1.3.0' ],
15 silly audit   tinyglobby: [ '0.2.17' ],
15 silly audit   totalist: [ '3.0.1' ],
15 silly audit   'ts-api-utils': [ '2.5.0' ],
15 silly audit   tslib: [ '2.8.1' ],
15 silly audit   'type-check': [ '0.4.0' ],
15 silly audit   typescript: [ '6.0.3' ],
15 silly audit   'typescript-eslint': [ '8.70.0' ],
15 silly audit   'undici-types': [ '7.18.2' ],
15 silly audit   'uri-js': [ '4.4.1' ],
15 silly audit   'util-deprecate': [ '1.0.2' ],
15 silly audit   vite: [ '8.3.0' ],
15 silly audit   vitefu: [ '1.1.3' ],
15 silly audit   vitest: [ '5.0.0' ],
15 silly audit   which: [ '2.0.2' ],
15 silly audit   'why-is-node-running': [ '2.3.0' ],
15 silly audit   'word-wrap': [ '1.2.5' ],
15 silly audit   'yocto-queue': [ '0.1.0' ],
15 silly audit   zimmerframe: [ '1.1.5' ]
15 silly audit }
16 verbose reify failed optional dependency /srv/agent-workspaces/bakery-traceability/p0-svelte-check/node_modules/lightningcss-win32-x64-msvc
17 silly reify mark deleted [
17 silly reify   '/srv/agent-workspaces/bakery-traceability/p0-svelte-check/node_modules/lightningcss-win32-x64-msvc'
17 silly reify ]
18 verbose reify failed optional dependency /srv/agent-workspaces/bakery-traceability/p0-svelte-check/node_modules/lightningcss-win32-arm64-msvc
19 silly reify mark deleted [
19 silly reify   '/srv/agent-workspaces/bakery-traceability/p0-svelte-check/node_modules/lightningcss-win32-arm64-msvc'
19 silly reify ]
20 verbose reify failed optional dependency /srv/agent-workspaces/bakery-traceability/p0-svelte-check/node_modules/lightningcss-linux-x64-musl
21 silly reify mark deleted [
21 silly reify   '/srv/agent-workspaces/bakery-traceability/p0-svelte-check/node_modules/lightningcss-linux-x64-musl'
21 silly reify ]
22 verbose reify failed optional dependency /srv/agent-workspaces/bakery-traceability/p0-svelte-check/node_modules/lightningcss-linux-arm64-musl
23 silly reify mark deleted [
23 silly reify   '/srv/agent-workspaces/bakery-traceability/p0-svelte-check/node_modules/lightningcss-linux-arm64-musl'
23 silly reify ]
24 verbose reify failed optional dependency /srv/agent-workspaces/bakery-traceability/p0-svelte-check/node_modules/lightningcss-linux-arm64-gnu
25 silly reify mark deleted [
25 silly reify   '/srv/agent-workspaces/bakery-traceability/p0-svelte-check/node_modules/lightningcss-linux-arm64-gnu'
25 silly reify ]
26 verbose reify failed optional dependency /srv/agent-workspaces/bakery-traceability/p0-svelte-check/node_modules/lightningcss-linux-arm-gnueabihf
27 silly reify mark deleted [
27 silly reify   '/srv/agent-workspaces/bakery-traceability/p0-svelte-check/node_modules/lightningcss-linux-arm-gnueabihf'
27 silly reify ]
28 verbose reify failed optional dependency /srv/agent-workspaces/bakery-traceability/p0-svelte-check/node_modules/lightningcss-freebsd-x64
29 silly reify mark deleted [
29 silly reify   '/srv/agent-workspaces/bakery-traceability/p0-svelte-check/node_modules/lightningcss-freebsd-x64'
29 silly reify ]
30 verbose reify failed optional dependency /srv/agent-workspaces/bakery-traceability/p0-svelte-check/node_modules/lightningcss-darwin-x64
31 silly reify mark deleted [
31 silly reify   '/srv/agent-workspaces/bakery-traceability/p0-svelte-check/node_modules/lightningcss-darwin-x64'
31 silly reify ]
32 verbose reify failed optional dependency /srv/agent-workspaces/bakery-traceability/p0-svelte-check/node_modules/lightningcss-darwin-arm64
33 silly reify mark deleted [
33 silly reify   '/srv/agent-workspaces/bakery-traceability/p0-svelte-check/node_modules/lightningcss-darwin-arm64'
33 silly reify ]
34 verbose reify failed optional dependency /srv/agent-workspaces/bakery-traceability/p0-svelte-check/node_modules/lightningcss-android-arm64
35 silly reify mark deleted [
35 silly reify   '/srv/agent-workspaces/bakery-traceability/p0-svelte-check/node_modules/lightningcss-android-arm64'
35 silly reify ]
36 verbose reify failed optional dependency /srv/agent-workspaces/bakery-traceability/p0-svelte-check/node_modules/fsevents
37 silly reify mark deleted [
37 silly reify   '/srv/agent-workspaces/bakery-traceability/p0-svelte-check/node_modules/fsevents'
37 silly reify ]
38 verbose reify failed optional dependency /srv/agent-workspaces/bakery-traceability/p0-svelte-check/node_modules/@supabase/cli-windows-x64
39 silly reify mark deleted [
39 silly reify   '/srv/agent-workspaces/bakery-traceability/p0-svelte-check/node_modules/@supabase/cli-windows-x64'
39 silly reify ]
40 verbose reify failed optional dependency /srv/agent-workspaces/bakery-traceability/p0-svelte-check/node_modules/@supabase/cli-windows-arm64
41 silly reify mark deleted [
41 silly reify   '/srv/agent-workspaces/bakery-traceability/p0-svelte-check/node_modules/@supabase/cli-windows-arm64'
41 silly reify ]
42 verbose reify failed optional dependency /srv/agent-workspaces/bakery-traceability/p0-svelte-check/node_modules/@supabase/cli-linux-x64-musl
43 silly reify mark deleted [
43 silly reify   '/srv/agent-workspaces/bakery-traceability/p0-svelte-check/node_modules/@supabase/cli-linux-x64-musl'
43 silly reify ]
44 verbose reify failed optional dependency /srv/agent-workspaces/bakery-traceability/p0-svelte-check/node_modules/@supabase/cli-linux-arm64-musl
45 silly reify mark deleted [
45 silly reify   '/srv/agent-workspaces/bakery-traceability/p0-svelte-check/node_modules/@supabase/cli-linux-arm64-musl'
45 silly reify ]
46 verbose reify failed optional dependency /srv/agent-workspaces/bakery-traceability/p0-svelte-check/node_modules/@supabase/cli-linux-arm64
47 silly reify mark deleted [
47 silly reify   '/srv/agent-workspaces/bakery-traceability/p0-svelte-check/node_modules/@supabase/cli-linux-arm64'
47 silly reify ]
48 verbose reify failed optional dependency /srv/agent-workspaces/bakery-traceability/p0-svelte-check/node_modules/@supabase/cli-darwin-x64
49 silly reify mark deleted [
49 silly reify   '/srv/agent-workspaces/bakery-traceability/p0-svelte-check/node_modules/@supabase/cli-darwin-x64'
49 silly reify ]
50 verbose reify failed optional dependency /srv/agent-workspaces/bakery-traceability/p0-svelte-check/node_modules/@supabase/cli-darwin-arm64
51 silly reify mark deleted [
51 silly reify   '/srv/agent-workspaces/bakery-traceability/p0-svelte-check/node_modules/@supabase/cli-darwin-arm64'
51 silly reify ]
52 verbose reify failed optional dependency /srv/agent-workspaces/bakery-traceability/p0-svelte-check/node_modules/@rolldown/binding-win32-x64-msvc
53 silly reify mark deleted [
53 silly reify   '/srv/agent-workspaces/bakery-traceability/p0-svelte-check/node_modules/@rolldown/binding-win32-x64-msvc'
53 silly reify ]
54 verbose reify failed optional dependency /srv/agent-workspaces/bakery-traceability/p0-svelte-check/node_modules/@rolldown/binding-win32-arm64-msvc
55 silly reify mark deleted [
55 silly reify   '/srv/agent-workspaces/bakery-traceability/p0-svelte-check/node_modules/@rolldown/binding-win32-arm64-msvc'
55 silly reify ]
56 verbose reify failed optional dependency /srv/agent-workspaces/bakery-traceability/p0-svelte-check/node_modules/@rolldown/binding-openharmony-arm64
57 silly reify mark deleted [
57 silly reify   '/srv/agent-workspaces/bakery-traceability/p0-svelte-check/node_modules/@rolldown/binding-openharmony-arm64'
57 silly reify ]
58 verbose reify failed optional dependency /srv/agent-workspaces/bakery-traceability/p0-svelte-check/node_modules/@rolldown/binding-linux-x64-musl
59 silly reify mark deleted [
59 silly reify   '/srv/agent-workspaces/bakery-traceability/p0-svelte-check/node_modules/@rolldown/binding-linux-x64-musl'
59 silly reify ]
60 verbose reify failed optional dependency /srv/agent-workspaces/bakery-traceability/p0-svelte-check/node_modules/@rolldown/binding-linux-s390x-gnu
61 silly reify mark deleted [
61 silly reify   '/srv/agent-workspaces/bakery-traceability/p0-svelte-check/node_modules/@rolldown/binding-linux-s390x-gnu'
61 silly reify ]
62 verbose reify failed optional dependency /srv/agent-workspaces/bakery-traceability/p0-svelte-check/node_modules/@rolldown/binding-linux-ppc64-gnu
63 silly reify mark deleted [
63 silly reify   '/srv/agent-workspaces/bakery-traceability/p0-svelte-check/node_modules/@rolldown/binding-linux-ppc64-gnu'
63 silly reify ]
64 verbose reify failed optional dependency /srv/agent-workspaces/bakery-traceability/p0-svelte-check/node_modules/@rolldown/binding-linux-arm64-musl
65 silly reify mark deleted [
65 silly reify   '/srv/agent-workspaces/bakery-traceability/p0-svelte-check/node_modules/@rolldown/binding-linux-arm64-musl'
65 silly reify ]
66 verbose reify failed optional dependency /srv/agent-workspaces/bakery-traceability/p0-svelte-check/node_modules/@rolldown/binding-linux-arm64-gnu
67 silly reify mark deleted [
67 silly reify   '/srv/agent-workspaces/bakery-traceability/p0-svelte-check/node_modules/@rolldown/binding-linux-arm64-gnu'
67 silly reify ]
68 verbose reify failed optional dependency /srv/agent-workspaces/bakery-traceability/p0-svelte-check/node_modules/@rolldown/binding-linux-arm-gnueabihf
69 silly reify mark deleted [
69 silly reify   '/srv/agent-workspaces/bakery-traceability/p0-svelte-check/node_modules/@rolldown/binding-linux-arm-gnueabihf'
69 silly reify ]
70 verbose reify failed optional dependency /srv/agent-workspaces/bakery-traceability/p0-svelte-check/node_modules/@rolldown/binding-freebsd-x64
71 silly reify mark deleted [
71 silly reify   '/srv/agent-workspaces/bakery-traceability/p0-svelte-check/node_modules/@rolldown/binding-freebsd-x64'
71 silly reify ]
72 verbose reify failed optional dependency /srv/agent-workspaces/bakery-traceability/p0-svelte-check/node_modules/@rolldown/binding-darwin-x64
73 silly reify mark deleted [
73 silly reify   '/srv/agent-workspaces/bakery-traceability/p0-svelte-check/node_modules/@rolldown/binding-darwin-x64'
73 silly reify ]
74 verbose reify failed optional dependency /srv/agent-workspaces/bakery-traceability/p0-svelte-check/node_modules/@rolldown/binding-darwin-arm64
75 silly reify mark deleted [
75 silly reify   '/srv/agent-workspaces/bakery-traceability/p0-svelte-check/node_modules/@rolldown/binding-darwin-arm64'
75 silly reify ]
76 verbose reify failed optional dependency /srv/agent-workspaces/bakery-traceability/p0-svelte-check/node_modules/@rolldown/binding-android-arm64
77 silly reify mark deleted [
77 silly reify   '/srv/agent-workspaces/bakery-traceability/p0-svelte-check/node_modules/@rolldown/binding-android-arm64'
77 silly reify ]
78 verbose reify failed optional dependency /srv/agent-workspaces/bakery-traceability/p0-svelte-check/node_modules/@rolldown/binding-android-arm-eabi
79 silly reify mark deleted [
79 silly reify   '/srv/agent-workspaces/bakery-traceability/p0-svelte-check/node_modules/@rolldown/binding-android-arm-eabi'
79 silly reify ]
80 http cache zimmerframe@https://registry.npmjs.org/zimmerframe/-/zimmerframe-1.1.5.tgz 0ms (cache hit)
81 http cache yocto-queue@https://registry.npmjs.org/yocto-queue/-/yocto-queue-0.1.0.tgz 0ms (cache hit)
82 http cache why-is-node-running@https://registry.npmjs.org/why-is-node-running/-/why-is-node-running-2.3.0.tgz 0ms (cache hit)
83 http cache word-wrap@https://registry.npmjs.org/word-wrap/-/word-wrap-1.2.5.tgz 0ms (cache hit)
84 http cache which@https://registry.npmjs.org/which/-/which-2.0.2.tgz 0ms (cache hit)
85 http cache vitest@https://registry.npmjs.org/vitest/-/vitest-5.0.0.tgz 0ms (cache hit)
86 http cache vitefu@https://registry.npmjs.org/vitefu/-/vitefu-1.1.3.tgz 0ms (cache hit)
87 http cache vite@https://registry.npmjs.org/vite/-/vite-8.3.0.tgz 0ms (cache hit)
88 http cache util-deprecate@https://registry.npmjs.org/util-deprecate/-/util-deprecate-1.0.2.tgz 0ms (cache hit)
89 http cache uri-js@https://registry.npmjs.org/uri-js/-/uri-js-4.4.1.tgz 0ms (cache hit)
90 http cache undici-types@https://registry.npmjs.org/undici-types/-/undici-types-7.18.2.tgz 0ms (cache hit)
91 http cache typescript-eslint@https://registry.npmjs.org/typescript-eslint/-/typescript-eslint-8.70.0.tgz 0ms (cache hit)
92 http cache typescript@https://registry.npmjs.org/typescript/-/typescript-6.0.3.tgz 0ms (cache hit)
93 http cache type-check@https://registry.npmjs.org/type-check/-/type-check-0.4.0.tgz 0ms (cache hit)
94 http cache tslib@https://registry.npmjs.org/tslib/-/tslib-2.8.1.tgz 0ms (cache hit)
95 http cache ts-api-utils@https://registry.npmjs.org/ts-api-utils/-/ts-api-utils-2.5.0.tgz 0ms (cache hit)
96 http cache totalist@https://registry.npmjs.org/totalist/-/totalist-3.0.1.tgz 0ms (cache hit)
97 http cache tinyglobby@https://registry.npmjs.org/tinyglobby/-/tinyglobby-0.2.17.tgz 0ms (cache hit)
98 http cache tinyexec@https://registry.npmjs.org/tinyexec/-/tinyexec-1.3.0.tgz 0ms (cache hit)
99 http cache svelte-check@https://registry.npmjs.org/svelte-check/-/svelte-check-4.7.6.tgz 0ms (cache hit)
100 http cache svelte@https://registry.npmjs.org/svelte/-/svelte-5.57.0.tgz 0ms (cache hit)
101 http cache svelte-eslint-parser@https://registry.npmjs.org/svelte-eslint-parser/-/svelte-eslint-parser-1.8.1.tgz 0ms (cache hit)
102 http cache supabase@https://registry.npmjs.org/supabase/-/supabase-2.117.0.tgz 0ms (cache hit)
103 http cache tinybench@https://registry.npmjs.org/tinybench/-/tinybench-6.1.4.tgz 0ms (cache hit)
104 http cache std-env@https://registry.npmjs.org/std-env/-/std-env-4.2.0.tgz 0ms (cache hit)
105 http cache stackback@https://registry.npmjs.org/stackback/-/stackback-0.0.2.tgz 0ms (cache hit)
106 http cache source-map-js@https://registry.npmjs.org/source-map-js/-/source-map-js-1.2.1.tgz 0ms (cache hit)
107 http cache sirv@https://registry.npmjs.org/sirv/-/sirv-3.0.2.tgz 0ms (cache hit)
108 http cache siginfo@https://registry.npmjs.org/siginfo/-/siginfo-2.0.0.tgz 0ms (cache hit)
109 http cache shebang-regex@https://registry.npmjs.org/shebang-regex/-/shebang-regex-3.0.0.tgz 0ms (cache hit)
110 http cache shebang-command@https://registry.npmjs.org/shebang-command/-/shebang-command-2.0.0.tgz 0ms (cache hit)
111 http cache set-cookie-parser@https://registry.npmjs.org/set-cookie-parser/-/set-cookie-parser-3.1.2.tgz 0ms (cache hit)
112 http cache semver@https://registry.npmjs.org/semver/-/semver-7.8.5.tgz 0ms (cache hit)
113 http cache sade@https://registry.npmjs.org/sade/-/sade-1.8.1.tgz 0ms (cache hit)
114 http cache rolldown@https://registry.npmjs.org/rolldown/-/rolldown-1.2.8.tgz 0ms (cache hit)
115 http cache qified@https://registry.npmjs.org/qified/-/qified-0.10.1.tgz 0ms (cache hit)
116 http cache readdirp@https://registry.npmjs.org/readdirp/-/readdirp-4.1.2.tgz 0ms (cache hit)
117 http cache prettier-plugin-svelte@https://registry.npmjs.org/prettier-plugin-svelte/-/prettier-plugin-svelte-4.1.1.tgz 0ms (cache hit)
118 http cache punycode@https://registry.npmjs.org/punycode/-/punycode-2.3.1.tgz 0ms (cache hit)
119 http cache prettier@https://registry.npmjs.org/prettier/-/prettier-3.9.6.tgz 0ms (cache hit)
120 http cache postcss-selector-parser@https://registry.npmjs.org/postcss-selector-parser/-/postcss-selector-parser-7.1.6.tgz 0ms (cache hit)
121 http cache prelude-ls@https://registry.npmjs.org/prelude-ls/-/prelude-ls-1.2.1.tgz 0ms (cache hit)
122 http cache postcss-scss@https://registry.npmjs.org/postcss-scss/-/postcss-scss-4.0.9.tgz 0ms (cache hit)
123 http cache postcss-safe-parser@https://registry.npmjs.org/postcss-safe-parser/-/postcss-safe-parser-7.1.0.tgz 0ms (cache hit)
124 http cache postcss-load-config@https://registry.npmjs.org/postcss-load-config/-/postcss-load-config-3.1.4.tgz 0ms (cache hit)
125 http cache postcss@https://registry.npmjs.org/postcss/-/postcss-8.5.28.tgz 0ms (cache hit)
126 http cache picomatch@https://registry.npmjs.org/picomatch/-/picomatch-4.0.7.tgz 0ms (cache hit)
127 http cache picocolors@https://registry.npmjs.org/picocolors/-/picocolors-1.1.1.tgz 0ms (cache hit)
128 http cache path-key@https://registry.npmjs.org/path-key/-/path-key-3.1.1.tgz 0ms (cache hit)
129 http cache path-exists@https://registry.npmjs.org/path-exists/-/path-exists-4.0.0.tgz 0ms (cache hit)
130 http cache p-locate@https://registry.npmjs.org/p-locate/-/p-locate-5.0.0.tgz 0ms (cache hit)
131 http cache p-limit@https://registry.npmjs.org/p-limit/-/p-limit-3.1.0.tgz 0ms (cache hit)
132 http cache optionator@https://registry.npmjs.org/optionator/-/optionator-0.9.4.tgz 0ms (cache hit)
133 http cache obug@https://registry.npmjs.org/obug/-/obug-2.2.1.tgz 0ms (cache hit)
134 http cache nanoid@https://registry.npmjs.org/nanoid/-/nanoid-3.3.19.tgz 0ms (cache hit)
135 http cache natural-compare@https://registry.npmjs.org/natural-compare/-/natural-compare-1.4.0.tgz 0ms (cache hit)
136 http cache ms@https://registry.npmjs.org/ms/-/ms-2.1.3.tgz 0ms (cache hit)
137 http cache mrmime@https://registry.npmjs.org/mrmime/-/mrmime-2.0.1.tgz 0ms (cache hit)
138 http cache mri@https://registry.npmjs.org/mri/-/mri-1.2.0.tgz 0ms (cache hit)
139 http cache minimatch@https://registry.npmjs.org/minimatch/-/minimatch-10.2.6.tgz 0ms (cache hit)
140 http cache magic-string@https://registry.npmjs.org/magic-string/-/magic-string-0.30.21.tgz 0ms (cache hit)
141 http cache locate-path@https://registry.npmjs.org/locate-path/-/locate-path-6.0.0.tgz 0ms (cache hit)
142 http cache locate-character@https://registry.npmjs.org/locate-character/-/locate-character-3.0.0.tgz 0ms (cache hit)
143 http cache lilconfig@https://registry.npmjs.org/lilconfig/-/lilconfig-2.1.0.tgz 0ms (cache hit)
144 http cache lightningcss-linux-x64-gnu@https://registry.npmjs.org/lightningcss-linux-x64-gnu/-/lightningcss-linux-x64-gnu-1.33.0.tgz 0ms (cache hit)
145 http cache lightningcss@https://registry.npmjs.org/lightningcss/-/lightningcss-1.33.0.tgz 0ms (cache hit)
146 http cache levn@https://registry.npmjs.org/levn/-/levn-0.4.1.tgz 0ms (cache hit)
147 http cache known-css-properties@https://registry.npmjs.org/known-css-properties/-/known-css-properties-0.37.0.tgz 0ms (cache hit)
148 http cache kleur@https://registry.npmjs.org/kleur/-/kleur-4.1.5.tgz 0ms (cache hit)
149 http cache keyv@https://registry.npmjs.org/keyv/-/keyv-5.6.0.tgz 0ms (cache hit)
150 http cache json-stable-stringify-without-jsonify@https://registry.npmjs.org/json-stable-stringify-without-jsonify/-/json-stable-stringify-without-jsonify-1.0.1.tgz 0ms (cache hit)
151 http cache json-schema-traverse@https://registry.npmjs.org/json-schema-traverse/-/json-schema-traverse-0.4.1.tgz 0ms (cache hit)
152 http cache jose@https://registry.npmjs.org/jose/-/jose-6.2.12.tgz 0ms (cache hit)
153 http cache isexe@https://registry.npmjs.org/isexe/-/isexe-2.0.0.tgz 0ms (cache hit)
154 http cache is-reference@https://registry.npmjs.org/is-reference/-/is-reference-3.0.3.tgz 0ms (cache hit)
155 http cache is-glob@https://registry.npmjs.org/is-glob/-/is-glob-4.0.3.tgz 0ms (cache hit)
156 http cache is-extglob@https://registry.npmjs.org/is-extglob/-/is-extglob-2.1.1.tgz 0ms (cache hit)
157 http cache imurmurhash@https://registry.npmjs.org/imurmurhash/-/imurmurhash-0.1.4.tgz 0ms (cache hit)
158 http cache ignore@https://registry.npmjs.org/ignore/-/ignore-5.3.2.tgz 0ms (cache hit)
159 http cache iceberg-js@https://registry.npmjs.org/iceberg-js/-/iceberg-js-0.8.1.tgz 0ms (cache hit)
160 http cache hookified@https://registry.npmjs.org/hookified/-/hookified-1.15.1.tgz 0ms (cache hit)
161 http cache hashery@https://registry.npmjs.org/hashery/-/hashery-1.5.1.tgz 0ms (cache hit)
162 http cache globals@https://registry.npmjs.org/globals/-/globals-17.12.0.tgz 0ms (cache hit)
163 http cache glob-parent@https://registry.npmjs.org/glob-parent/-/glob-parent-6.0.2.tgz 0ms (cache hit)
164 http cache flatted@https://registry.npmjs.org/flatted/-/flatted-3.4.4.tgz 0ms (cache hit)
165 http cache flat-cache@https://registry.npmjs.org/flat-cache/-/flat-cache-6.1.23.tgz 0ms (cache hit)
166 http cache find-up@https://registry.npmjs.org/find-up/-/find-up-5.0.0.tgz 0ms (cache hit)
167 http cache file-entry-cache@https://registry.npmjs.org/file-entry-cache/-/file-entry-cache-11.1.5.tgz 0ms (cache hit)
168 http cache fdir@https://registry.npmjs.org/fdir/-/fdir-6.5.0.tgz 0ms (cache hit)
169 http cache fast-levenshtein@https://registry.npmjs.org/fast-levenshtein/-/fast-levenshtein-2.0.6.tgz 0ms (cache hit)
170 http cache fast-deep-equal@https://registry.npmjs.org/fast-deep-equal/-/fast-deep-equal-3.1.3.tgz 0ms (cache hit)
171 http cache fast-json-stable-stringify@https://registry.npmjs.org/fast-json-stable-stringify/-/fast-json-stable-stringify-2.1.0.tgz 0ms (cache hit)
172 http cache expect-type@https://registry.npmjs.org/expect-type/-/expect-type-1.4.0.tgz 0ms (cache hit)
173 http cache esutils@https://registry.npmjs.org/esutils/-/esutils-2.0.3.tgz 0ms (cache hit)
174 http cache estree-walker@https://registry.npmjs.org/estree-walker/-/estree-walker-3.0.3.tgz 0ms (cache hit)
175 http cache estraverse@https://registry.npmjs.org/estraverse/-/estraverse-5.3.0.tgz 0ms (cache hit)
176 http cache esrecurse@https://registry.npmjs.org/esrecurse/-/esrecurse-4.3.0.tgz 0ms (cache hit)
177 http cache esrap@https://registry.npmjs.org/esrap/-/esrap-2.3.7.tgz 0ms (cache hit)
178 http cache esquery@https://registry.npmjs.org/esquery/-/esquery-1.7.0.tgz 0ms (cache hit)
179 http cache espree@https://registry.npmjs.org/espree/-/espree-11.2.0.tgz 0ms (cache hit)
180 http cache esm-env@https://registry.npmjs.org/esm-env/-/esm-env-1.2.2.tgz 0ms (cache hit)
181 http cache eslint-visitor-keys@https://registry.npmjs.org/eslint-visitor-keys/-/eslint-visitor-keys-5.0.1.tgz 0ms (cache hit)
182 http cache eslint-scope@https://registry.npmjs.org/eslint-scope/-/eslint-scope-9.1.2.tgz 0ms (cache hit)
183 http cache eslint-plugin-svelte@https://registry.npmjs.org/eslint-plugin-svelte/-/eslint-plugin-svelte-3.23.0.tgz 0ms (cache hit)
184 http cache eslint-config-prettier@https://registry.npmjs.org/eslint-config-prettier/-/eslint-config-prettier-10.1.8.tgz 0ms (cache hit)
185 http cache eslint@https://registry.npmjs.org/eslint/-/eslint-10.10.0.tgz 0ms (cache hit)
186 http cache escape-string-regexp@https://registry.npmjs.org/escape-string-regexp/-/escape-string-regexp-4.0.0.tgz 0ms (cache hit)
187 http cache es-module-lexer@https://registry.npmjs.org/es-module-lexer/-/es-module-lexer-2.3.2.tgz 0ms (cache hit)
188 http cache eciesjs@https://registry.npmjs.org/eciesjs/-/eciesjs-0.5.0.tgz 0ms (cache hit)
189 http cache devalue@https://registry.npmjs.org/devalue/-/devalue-5.9.2.tgz 0ms (cache hit)
190 http cache detect-libc@https://registry.npmjs.org/detect-libc/-/detect-libc-2.1.2.tgz 0ms (cache hit)
191 http cache deepmerge@https://registry.npmjs.org/deepmerge/-/deepmerge-4.3.1.tgz 0ms (cache hit)
192 http cache deep-is@https://registry.npmjs.org/deep-is/-/deep-is-0.1.4.tgz 0ms (cache hit)
193 http cache debug@https://registry.npmjs.org/debug/-/debug-4.4.3.tgz 0ms (cache hit)
194 http cache cssesc@https://registry.npmjs.org/cssesc/-/cssesc-3.0.0.tgz 0ms (cache hit)
195 http cache cross-spawn@https://registry.npmjs.org/cross-spawn/-/cross-spawn-7.0.6.tgz 0ms (cache hit)
196 http cache cookie@https://registry.npmjs.org/cookie/-/cookie-0.6.0.tgz 0ms (cache hit)
197 http cache clsx@https://registry.npmjs.org/clsx/-/clsx-2.1.1.tgz 0ms (cache hit)
198 http cache chokidar@https://registry.npmjs.org/chokidar/-/chokidar-4.0.3.tgz 0ms (cache hit)
199 http cache chai@https://registry.npmjs.org/chai/-/chai-6.2.2.tgz 0ms (cache hit)
200 http cache cacheable@https://registry.npmjs.org/cacheable/-/cacheable-2.5.0.tgz 0ms (cache hit)
201 http cache brace-expansion@https://registry.npmjs.org/brace-expansion/-/brace-expansion-5.0.9.tgz 0ms (cache hit)
202 http cache balanced-match@https://registry.npmjs.org/balanced-match/-/balanced-match-4.0.4.tgz 0ms (cache hit)
203 http cache axobject-query@https://registry.npmjs.org/axobject-query/-/axobject-query-4.1.0.tgz 0ms (cache hit)
204 http cache assertion-error@https://registry.npmjs.org/assertion-error/-/assertion-error-2.0.1.tgz 0ms (cache hit)
205 http cache aria-query@https://registry.npmjs.org/aria-query/-/aria-query-5.3.1.tgz 0ms (cache hit)
206 http cache ajv@https://registry.npmjs.org/ajv/-/ajv-6.15.0.tgz 0ms (cache hit)
207 http cache acorn-jsx@https://registry.npmjs.org/acorn-jsx/-/acorn-jsx-5.3.2.tgz 0ms (cache hit)
208 http cache @vitest/spy@https://registry.npmjs.org/@vitest/spy/-/spy-5.0.0.tgz 0ms (cache hit)
209 http cache acorn@https://registry.npmjs.org/acorn/-/acorn-8.18.0.tgz 0ms (cache hit)
210 http cache @vitest/mocker@https://registry.npmjs.org/@vitest/mocker/-/mocker-5.0.0.tgz 0ms (cache hit)
211 http cache @typescript-eslint/visitor-keys@https://registry.npmjs.org/@typescript-eslint/visitor-keys/-/visitor-keys-8.70.0.tgz 0ms (cache hit)
212 http cache @typescript-eslint/typescript-estree@https://registry.npmjs.org/@typescript-eslint/typescript-estree/-/typescript-estree-8.70.0.tgz 0ms (cache hit)
213 http cache @typescript-eslint/utils@https://registry.npmjs.org/@typescript-eslint/utils/-/utils-8.70.0.tgz 0ms (cache hit)
214 http cache @typescript-eslint/types@https://registry.npmjs.org/@typescript-eslint/types/-/types-8.70.0.tgz 0ms (cache hit)
215 http cache @typescript-eslint/type-utils@https://registry.npmjs.org/@typescript-eslint/type-utils/-/type-utils-8.70.0.tgz 0ms (cache hit)
216 http cache @typescript-eslint/scope-manager@https://registry.npmjs.org/@typescript-eslint/scope-manager/-/scope-manager-8.70.0.tgz 0ms (cache hit)
217 http cache @typescript-eslint/tsconfig-utils@https://registry.npmjs.org/@typescript-eslint/tsconfig-utils/-/tsconfig-utils-8.70.0.tgz 0ms (cache hit)
218 http cache @typescript-eslint/project-service@https://registry.npmjs.org/@typescript-eslint/project-service/-/project-service-8.70.0.tgz 0ms (cache hit)
219 http cache @typescript-eslint/parser@https://registry.npmjs.org/@typescript-eslint/parser/-/parser-8.70.0.tgz 0ms (cache hit)
220 http cache @types/node@https://registry.npmjs.org/@types/node/-/node-24.13.4.tgz 0ms (cache hit)
221 http cache @types/json-schema@https://registry.npmjs.org/@types/json-schema/-/json-schema-7.0.15.tgz 0ms (cache hit)
222 http cache @typescript-eslint/eslint-plugin@https://registry.npmjs.org/@typescript-eslint/eslint-plugin/-/eslint-plugin-8.70.0.tgz 0ms (cache hit)
223 http cache @types/estree@https://registry.npmjs.org/@types/estree/-/estree-1.0.9.tgz 0ms (cache hit)
224 http cache @types/esrecurse@https://registry.npmjs.org/@types/esrecurse/-/esrecurse-4.3.1.tgz 0ms (cache hit)
225 http cache @types/cookie@https://registry.npmjs.org/@types/cookie/-/cookie-0.6.0.tgz 0ms (cache hit)
226 http cache @types/deep-eql@https://registry.npmjs.org/@types/deep-eql/-/deep-eql-4.0.2.tgz 0ms (cache hit)
227 http cache @types/chai@https://registry.npmjs.org/@types/chai/-/chai-5.2.3.tgz 0ms (cache hit)
228 http cache @sveltejs/vite-plugin-svelte@https://registry.npmjs.org/@sveltejs/vite-plugin-svelte/-/vite-plugin-svelte-7.3.0.tgz 0ms (cache hit)
229 http cache @sveltejs/kit@https://registry.npmjs.org/@sveltejs/kit/-/kit-2.70.3.tgz 0ms (cache hit)
230 http cache @sveltejs/load-config@https://registry.npmjs.org/@sveltejs/load-config/-/load-config-0.2.3.tgz 0ms (cache hit)
231 http cache @sveltejs/adapter-auto@https://registry.npmjs.org/@sveltejs/adapter-auto/-/adapter-auto-7.0.1.tgz 0ms (cache hit)
232 http cache @sveltejs/acorn-typescript@https://registry.npmjs.org/@sveltejs/acorn-typescript/-/acorn-typescript-1.0.13.tgz 0ms (cache hit)
233 http cache @supabase/supabase-js@https://registry.npmjs.org/@supabase/supabase-js/-/supabase-js-2.116.0.tgz 0ms (cache hit)
234 http cache @supabase/storage-js@https://registry.npmjs.org/@supabase/storage-js/-/storage-js-2.116.0.tgz 0ms (cache hit)
235 http cache @supabase/ssr@https://registry.npmjs.org/@supabase/ssr/-/ssr-0.12.7.tgz 0ms (cache hit)
236 http cache @supabase/realtime-js@https://registry.npmjs.org/@supabase/realtime-js/-/realtime-js-2.116.0.tgz 0ms (cache hit)
237 http cache @supabase/postgrest-js@https://registry.npmjs.org/@supabase/postgrest-js/-/postgrest-js-2.116.0.tgz 0ms (cache hit)
238 http cache @supabase/phoenix@https://registry.npmjs.org/@supabase/phoenix/-/phoenix-0.4.5.tgz 0ms (cache hit)
239 http cache @supabase/functions-js@https://registry.npmjs.org/@supabase/functions-js/-/functions-js-2.116.0.tgz 0ms (cache hit)
240 http cache @supabase/cli-linux-x64@https://registry.npmjs.org/@supabase/cli-linux-x64/-/cli-linux-x64-2.117.0.tgz 0ms (cache hit)
241 http cache @supabase/auth-js@https://registry.npmjs.org/@supabase/auth-js/-/auth-js-2.116.0.tgz 0ms (cache hit)
242 http cache @standard-schema/spec@https://registry.npmjs.org/@standard-schema/spec/-/spec-1.1.0.tgz 0ms (cache hit)
243 http cache @rolldown/pluginutils@https://registry.npmjs.org/@rolldown/pluginutils/-/pluginutils-1.0.1.tgz 0ms (cache hit)
244 http cache @rolldown/binding-linux-x64-gnu@https://registry.npmjs.org/@rolldown/binding-linux-x64-gnu/-/binding-linux-x64-gnu-1.2.8.tgz 0ms (cache hit)
245 http cache @polka/url@https://registry.npmjs.org/@polka/url/-/url-1.0.0-next.29.tgz 0ms (cache hit)
246 http cache @oxc-project/types@https://registry.npmjs.org/@oxc-project/types/-/types-0.149.0.tgz 0ms (cache hit)
247 http cache @noble/hashes@https://registry.npmjs.org/@noble/hashes/-/hashes-1.8.0.tgz 0ms (cache hit)
248 http cache @noble/curves@https://registry.npmjs.org/@noble/curves/-/curves-1.9.7.tgz 0ms (cache hit)
249 http cache @noble/ciphers@https://registry.npmjs.org/@noble/ciphers/-/ciphers-1.3.0.tgz 0ms (cache hit)
250 http cache @keyv/serialize@https://registry.npmjs.org/@keyv/serialize/-/serialize-1.1.1.tgz 0ms (cache hit)
251 http cache @keyv/bigmap@https://registry.npmjs.org/@keyv/bigmap/-/bigmap-1.3.1.tgz 0ms (cache hit)
252 http cache @jridgewell/trace-mapping@https://registry.npmjs.org/@jridgewell/trace-mapping/-/trace-mapping-0.3.31.tgz 0ms (cache hit)
253 http cache @jridgewell/sourcemap-codec@https://registry.npmjs.org/@jridgewell/sourcemap-codec/-/sourcemap-codec-1.6.0.tgz 0ms (cache hit)
254 http cache @jridgewell/resolve-uri@https://registry.npmjs.org/@jridgewell/resolve-uri/-/resolve-uri-3.1.2.tgz 0ms (cache hit)
255 http cache @jridgewell/remapping@https://registry.npmjs.org/@jridgewell/remapping/-/remapping-2.3.5.tgz 0ms (cache hit)
256 http cache @jridgewell/gen-mapping@https://registry.npmjs.org/@jridgewell/gen-mapping/-/gen-mapping-0.3.13.tgz 0ms (cache hit)
257 http cache @humanwhocodes/retry@https://registry.npmjs.org/@humanwhocodes/retry/-/retry-0.4.3.tgz 0ms (cache hit)
258 http cache @humanwhocodes/module-importer@https://registry.npmjs.org/@humanwhocodes/module-importer/-/module-importer-1.0.1.tgz 0ms (cache hit)
259 http cache @humanfs/types@https://registry.npmjs.org/@humanfs/types/-/types-0.15.0.tgz 0ms (cache hit)
260 http cache @humanfs/node@https://registry.npmjs.org/@humanfs/node/-/node-0.16.8.tgz 0ms (cache hit)
261 http cache @humanfs/core@https://registry.npmjs.org/@humanfs/core/-/core-0.19.2.tgz 0ms (cache hit)
262 http cache @eslint/plugin-kit@https://registry.npmjs.org/@eslint/plugin-kit/-/plugin-kit-0.7.3.tgz 0ms (cache hit)
263 http cache @eslint/object-schema@https://registry.npmjs.org/@eslint/object-schema/-/object-schema-3.0.5.tgz 0ms (cache hit)
264 http cache @eslint/js@https://registry.npmjs.org/@eslint/js/-/js-10.0.1.tgz 0ms (cache hit)
265 http cache @eslint/core@https://registry.npmjs.org/@eslint/core/-/core-1.2.1.tgz 0ms (cache hit)
266 http cache @eslint/config-helpers@https://registry.npmjs.org/@eslint/config-helpers/-/config-helpers-0.7.0.tgz 0ms (cache hit)
267 http cache @eslint/config-array@https://registry.npmjs.org/@eslint/config-array/-/config-array-0.23.5.tgz 0ms (cache hit)
268 http cache @eslint-community/regexpp@https://registry.npmjs.org/@eslint-community/regexpp/-/regexpp-4.12.2.tgz 0ms (cache hit)
269 http cache @eslint-community/eslint-utils@https://registry.npmjs.org/@eslint-community/eslint-utils/-/eslint-utils-4.10.1.tgz 0ms (cache hit)
270 http cache @ecies/ciphers@https://registry.npmjs.org/@ecies/ciphers/-/ciphers-0.2.6.tgz 0ms (cache hit)
271 http cache @cacheable/utils@https://registry.npmjs.org/@cacheable/utils/-/utils-2.5.0.tgz 0ms (cache hit)
272 http cache magic-string@https://registry.npmjs.org/magic-string/-/magic-string-1.3.1.tgz 0ms (cache hit)
273 http cache @cacheable/memory@https://registry.npmjs.org/@cacheable/memory/-/memory-2.2.0.tgz 0ms (cache hit)
274 http cache espree@https://registry.npmjs.org/espree/-/espree-10.4.0.tgz 0ms (cache hit)
275 http cache eslint-visitor-keys@https://registry.npmjs.org/eslint-visitor-keys/-/eslint-visitor-keys-4.2.1.tgz 0ms (cache hit)
276 http cache eslint-scope@https://registry.npmjs.org/eslint-scope/-/eslint-scope-8.4.0.tgz 0ms (cache hit)
277 http cache hookified@https://registry.npmjs.org/hookified/-/hookified-2.2.0.tgz 1ms (cache hit)
278 http cache yaml@https://registry.npmjs.org/yaml/-/yaml-1.10.3.tgz 0ms (cache hit)
279 http cache globals@https://registry.npmjs.org/globals/-/globals-16.5.0.tgz 0ms (cache hit)
280 http cache magic-string@https://registry.npmjs.org/magic-string/-/magic-string-1.3.1.tgz 0ms (cache hit)
281 http cache ignore@https://registry.npmjs.org/ignore/-/ignore-7.0.9.tgz 0ms (cache hit)
282 http cache magic-string@https://registry.npmjs.org/magic-string/-/magic-string-1.3.1.tgz 0ms (cache hit)
283 http cache cookie@https://registry.npmjs.org/cookie/-/cookie-1.1.1.tgz 0ms (cache hit)
284 http cache eslint-visitor-keys@https://registry.npmjs.org/eslint-visitor-keys/-/eslint-visitor-keys-3.4.3.tgz 0ms (cache hit)
285 http fetch POST 200 https://registry.npmjs.org/-/npm/v1/security/advisories/bulk 1183ms
286 silly audit report {
286 silly audit report   cookie: [
286 silly audit report     {
286 silly audit report       id: 1103907,
286 silly audit report       url: 'https://github.com/advisories/GHSA-pxg6-pf52-xh8x',
286 silly audit report       title: 'cookie accepts cookie name, path, and domain with out of bounds characters',
286 silly audit report       severity: 'low',
286 silly audit report       vulnerable_versions: '<0.7.0',
286 silly audit report       cwe: [Array],
286 silly audit report       cvss: [Object]
286 silly audit report     }
286 silly audit report   ]
286 silly audit report }
287 silly packumentCache corgi:https://registry.npmjs.org/cookie cache-miss
288 http cache https://registry.npmjs.org/cookie 8ms (cache hit)
289 silly packumentCache corgi:https://registry.npmjs.org/cookie set size:25657 disposed:false
290 silly packumentCache corgi:https://registry.npmjs.org/@sveltejs%2fkit cache-miss
291 http cache https://registry.npmjs.org/@sveltejs%2fkit 9ms (cache hit)
292 silly packumentCache corgi:https://registry.npmjs.org/@sveltejs%2fkit set size:2019205 disposed:false
293 silly packumentCache corgi:https://registry.npmjs.org/@sveltejs%2fadapter-auto cache-miss
294 http cache https://registry.npmjs.org/@sveltejs%2fadapter-auto 5ms (cache hit)
295 silly packumentCache corgi:https://registry.npmjs.org/@sveltejs%2fadapter-auto set size:193050 disposed:false
296 silly ADD node_modules/zimmerframe
297 silly ADD node_modules/yocto-queue
298 silly ADD node_modules/word-wrap
299 silly ADD node_modules/why-is-node-running
300 silly ADD node_modules/which
301 silly ADD node_modules/vitest
302 silly ADD node_modules/vitest/node_modules/magic-string
303 silly ADD node_modules/vitefu
304 silly ADD node_modules/vite
305 silly ADD node_modules/util-deprecate
306 silly ADD node_modules/uri-js
307 silly ADD node_modules/undici-types
308 silly ADD node_modules/typescript-eslint
309 silly ADD node_modules/typescript
310 silly ADD node_modules/type-check
311 silly ADD node_modules/tslib
312 silly ADD node_modules/ts-api-utils
313 silly ADD node_modules/totalist
314 silly ADD node_modules/tinyglobby
315 silly ADD node_modules/tinyexec
316 silly ADD node_modules/tinybench
317 silly ADD node_modules/svelte-eslint-parser
318 silly ADD node_modules/svelte-eslint-parser/node_modules/espree
319 silly ADD node_modules/svelte-eslint-parser/node_modules/eslint-visitor-keys
320 silly ADD node_modules/svelte-eslint-parser/node_modules/eslint-scope
321 silly ADD node_modules/svelte-check
322 silly ADD node_modules/svelte
323 silly ADD node_modules/supabase
324 silly ADD node_modules/std-env
325 silly ADD node_modules/stackback
326 silly ADD node_modules/source-map-js
327 silly ADD node_modules/sirv
328 silly ADD node_modules/siginfo
329 silly ADD node_modules/shebang-regex
330 silly ADD node_modules/shebang-command
331 silly ADD node_modules/set-cookie-parser
332 silly ADD node_modules/semver
333 silly ADD node_modules/sade
334 silly ADD node_modules/rolldown
335 silly ADD node_modules/readdirp
336 silly ADD node_modules/qified
337 silly ADD node_modules/qified/node_modules/hookified
338 silly ADD node_modules/punycode
339 silly ADD node_modules/prettier-plugin-svelte
340 silly ADD node_modules/prettier
341 silly ADD node_modules/prelude-ls
342 silly ADD node_modules/postcss-selector-parser
343 silly ADD node_modules/postcss-scss
344 silly ADD node_modules/postcss-safe-parser
345 silly ADD node_modules/postcss-load-config
346 silly ADD node_modules/postcss-load-config/node_modules/yaml
347 silly ADD node_modules/postcss
348 silly ADD node_modules/picomatch
349 silly ADD node_modules/picocolors
350 silly ADD node_modules/path-key
351 silly ADD node_modules/path-exists
352 silly ADD node_modules/p-locate
353 silly ADD node_modules/p-limit
354 silly ADD node_modules/optionator
355 silly ADD node_modules/obug
356 silly ADD node_modules/natural-compare
357 silly ADD node_modules/nanoid
358 silly ADD node_modules/ms
359 silly ADD node_modules/mrmime
360 silly ADD node_modules/mri
361 silly ADD node_modules/minimatch
362 silly ADD node_modules/magic-string
363 silly ADD node_modules/locate-path
364 silly ADD node_modules/locate-character
365 silly ADD node_modules/lilconfig
366 silly ADD
367 silly ADD
368 silly ADD
369 silly ADD node_modules/lightningcss-linux-x64-gnu
370 silly ADD
371 silly ADD
372 silly ADD
373 silly ADD
374 silly ADD
375 silly ADD
376 silly ADD
377 silly ADD node_modules/lightningcss
378 silly ADD node_modules/levn
379 silly ADD node_modules/known-css-properties
380 silly ADD node_modules/kleur
381 silly ADD node_modules/keyv
382 silly ADD node_modules/json-stable-stringify-without-jsonify
383 silly ADD node_modules/json-schema-traverse
384 silly ADD node_modules/jose
385 silly ADD node_modules/isexe
386 silly ADD node_modules/is-reference
387 silly ADD node_modules/is-glob
388 silly ADD node_modules/is-extglob
389 silly ADD node_modules/imurmurhash
390 silly ADD node_modules/ignore
391 silly ADD node_modules/iceberg-js
392 silly ADD node_modules/hookified
393 silly ADD node_modules/hashery
394 silly ADD node_modules/globals
395 silly ADD node_modules/glob-parent
396 silly ADD
397 silly ADD node_modules/flatted
398 silly ADD node_modules/flat-cache
399 silly ADD node_modules/find-up
400 silly ADD node_modules/file-entry-cache
401 silly ADD node_modules/fdir
402 silly ADD node_modules/fast-levenshtein
403 silly ADD node_modules/fast-json-stable-stringify
404 silly ADD node_modules/fast-deep-equal
405 silly ADD node_modules/expect-type
406 silly ADD node_modules/esutils
407 silly ADD node_modules/estree-walker
408 silly ADD node_modules/estraverse
409 silly ADD node_modules/esrecurse
410 silly ADD node_modules/esrap
411 silly ADD node_modules/esquery
412 silly ADD node_modules/espree
413 silly ADD node_modules/esm-env
414 silly ADD node_modules/eslint-visitor-keys
415 silly ADD node_modules/eslint-scope
416 silly ADD node_modules/eslint-plugin-svelte
417 silly ADD node_modules/eslint-plugin-svelte/node_modules/globals
418 silly ADD node_modules/eslint-config-prettier
419 silly ADD node_modules/eslint
420 silly ADD node_modules/escape-string-regexp
421 silly ADD node_modules/es-module-lexer
422 silly ADD node_modules/eciesjs
423 silly ADD node_modules/devalue
424 silly ADD node_modules/detect-libc
425 silly ADD node_modules/deepmerge
426 silly ADD node_modules/deep-is
427 silly ADD node_modules/debug
428 silly ADD node_modules/cssesc
429 silly ADD node_modules/cross-spawn
430 silly ADD node_modules/cookie
431 silly ADD node_modules/clsx
432 silly ADD node_modules/chokidar
433 silly ADD node_modules/chai
434 silly ADD node_modules/cacheable
435 silly ADD node_modules/brace-expansion
436 silly ADD node_modules/balanced-match
437 silly ADD node_modules/axobject-query
438 silly ADD node_modules/assertion-error
439 silly ADD node_modules/aria-query
440 silly ADD node_modules/ajv
441 silly ADD node_modules/acorn-jsx
442 silly ADD node_modules/acorn
443 silly ADD node_modules/@vitest/spy
444 silly ADD node_modules/@vitest/mocker
445 silly ADD node_modules/@vitest/mocker/node_modules/magic-string
446 silly ADD node_modules/@typescript-eslint/visitor-keys
447 silly ADD node_modules/@typescript-eslint/utils
448 silly ADD node_modules/@typescript-eslint/typescript-estree
449 silly ADD node_modules/@typescript-eslint/types
450 silly ADD node_modules/@typescript-eslint/type-utils
451 silly ADD node_modules/@typescript-eslint/tsconfig-utils
452 silly ADD node_modules/@typescript-eslint/scope-manager
453 silly ADD node_modules/@typescript-eslint/project-service
454 silly ADD node_modules/@typescript-eslint/parser
455 silly ADD node_modules/@typescript-eslint/eslint-plugin
456 silly ADD node_modules/@typescript-eslint/eslint-plugin/node_modules/ignore
457 silly ADD node_modules/@types/node
458 silly ADD node_modules/@types/json-schema
459 silly ADD node_modules/@types/estree
460 silly ADD node_modules/@types/esrecurse
461 silly ADD node_modules/@types/deep-eql
462 silly ADD node_modules/@types/cookie
463 silly ADD node_modules/@types/chai
464 silly ADD node_modules/@sveltejs/vite-plugin-svelte
465 silly ADD node_modules/@sveltejs/vite-plugin-svelte/node_modules/magic-string
466 silly ADD node_modules/@sveltejs/load-config
467 silly ADD node_modules/@sveltejs/kit
468 silly ADD node_modules/@sveltejs/adapter-auto
469 silly ADD node_modules/@sveltejs/acorn-typescript
470 silly ADD node_modules/@supabase/supabase-js
471 silly ADD node_modules/@supabase/storage-js
472 silly ADD node_modules/@supabase/ssr
473 silly ADD node_modules/@supabase/ssr/node_modules/cookie
474 silly ADD node_modules/@supabase/realtime-js
475 silly ADD node_modules/@supabase/postgrest-js
476 silly ADD node_modules/@supabase/phoenix
477 silly ADD node_modules/@supabase/functions-js
478 silly ADD
479 silly ADD
480 silly ADD
481 silly ADD node_modules/@supabase/cli-linux-x64
482 silly ADD
483 silly ADD
484 silly ADD
485 silly ADD
486 silly ADD node_modules/@supabase/auth-js
487 silly ADD node_modules/@standard-schema/spec
488 silly ADD node_modules/@rolldown/pluginutils
489 silly ADD
490 silly ADD
491 silly ADD
492 silly ADD
493 silly ADD node_modules/@rolldown/binding-linux-x64-gnu
494 silly ADD
495 silly ADD
496 silly ADD
497 silly ADD
498 silly ADD
499 silly ADD
500 silly ADD
501 silly ADD
502 silly ADD
503 silly ADD
504 silly ADD node_modules/@polka/url
505 silly ADD node_modules/@oxc-project/types
506 silly ADD node_modules/@noble/hashes
507 silly ADD node_modules/@noble/curves
508 silly ADD node_modules/@noble/ciphers
509 silly ADD node_modules/@keyv/serialize
510 silly ADD node_modules/@keyv/bigmap
511 silly ADD node_modules/@jridgewell/trace-mapping
512 silly ADD node_modules/@jridgewell/sourcemap-codec
513 silly ADD node_modules/@jridgewell/resolve-uri
514 silly ADD node_modules/@jridgewell/remapping
515 silly ADD node_modules/@jridgewell/gen-mapping
516 silly ADD node_modules/@humanwhocodes/retry
517 silly ADD node_modules/@humanwhocodes/module-importer
518 silly ADD node_modules/@humanfs/types
519 silly ADD node_modules/@humanfs/node
520 silly ADD node_modules/@humanfs/core
521 silly ADD node_modules/@eslint/plugin-kit
522 silly ADD node_modules/@eslint/object-schema
523 silly ADD node_modules/@eslint/js
524 silly ADD node_modules/@eslint/core
525 silly ADD node_modules/@eslint/config-helpers
526 silly ADD node_modules/@eslint/config-array
527 silly ADD node_modules/@eslint-community/regexpp
528 silly ADD node_modules/@eslint-community/eslint-utils
529 silly ADD node_modules/@eslint-community/eslint-utils/node_modules/eslint-visitor-keys
530 silly ADD node_modules/@ecies/ciphers
531 silly ADD node_modules/@cacheable/utils
532 silly ADD node_modules/@cacheable/memory
533 verbose cwd /srv/agent-workspaces/bakery-traceability/p0-svelte-check
534 verbose os Linux 7.0.0-31-generic
535 verbose node v22.19.0
536 verbose npm  v10.9.3
537 verbose exit 0
538 info ok
