0 verbose cli /usr/local/bin/node /usr/local/bin/npm
1 info using npm@10.9.3
2 info using node@v22.19.0
3 silly config load:file:/usr/local/lib/node_modules/npm/npmrc
4 silly config load:file:/srv/agent-workspaces/bakery-traceability/p0-svelte-check/node_modules/node/.npmrc
5 silly config load:file:/srv/agent-workspaces/bakery-traceability/p0-svelte-check/.home/.npmrc
6 silly config load:file:/usr/local/etc/npmrc
7 verbose title npm install node-linux-x64@22.14.0
8 verbose argv "install" "--no-save" "node-linux-x64@22.14.0"
9 verbose logfile logs-max:10 dir:/srv/agent-workspaces/bakery-traceability/p0-svelte-check/.home/.npm/_logs/2026-09-23T03_05_53_885Z-
10 verbose logfile /srv/agent-workspaces/bakery-traceability/p0-svelte-check/.home/.npm/_logs/2026-09-23T03_05_53_885Z-debug-0.log
11 silly logfile done cleaning log files
12 silly packumentCache heap:4345298944 maxSize:1086324736 maxEntrySize:543162368
13 silly idealTree buildDeps
14 silly fetch manifest node-bin-setup@^1.0.0
15 silly packumentCache full:https://registry.npmjs.org/node-bin-setup cache-miss
16 http cache https://registry.npmjs.org/node-bin-setup 8ms (cache hit)
17 silly packumentCache full:https://registry.npmjs.org/node-bin-setup set size:17527 disposed:false
18 silly fetch manifest node-linux-x64@22.14.0
19 silly packumentCache full:https://registry.npmjs.org/node-linux-x64 cache-miss
20 http fetch GET 200 https://registry.npmjs.org/node-linux-x64 563ms (cache miss)
21 silly packumentCache full:https://registry.npmjs.org/node-linux-x64 set size:undefined disposed:false
22 silly placeDep ROOT node-bin-setup@1.1.4 OK for: node@22.14.0 want: ^1.0.0
23 silly placeDep ROOT node-linux-x64@22.14.0 OK for: node@22.14.0 want: 22.14.0
24 silly reify moves {}
25 silly audit bulk request { 'node-bin-setup': [ '1.1.4' ], 'node-linux-x64': [ '22.14.0' ] }
26 http cache node-linux-x64@https://registry.npmjs.org/node-linux-x64/-/node-linux-x64-22.14.0.tgz 0ms (cache hit)
27 silly tarball no local data for node-linux-x64@https://registry.npmjs.org/node-linux-x64/-/node-linux-x64-22.14.0.tgz. Extracting by manifest.
28 http cache node-bin-setup@https://registry.npmjs.org/node-bin-setup/-/node-bin-setup-1.1.4.tgz 0ms (cache hit)
29 http fetch POST 200 https://registry.npmjs.org/-/npm/v1/security/advisories/bulk 213ms
30 silly audit report {}
31 http fetch GET 200 https://registry.npmjs.org/node-linux-x64/-/node-linux-x64-22.14.0.tgz 1879ms (cache miss)
32 silly ADD node_modules/node-linux-x64
33 silly ADD node_modules/node-bin-setup
34 verbose cwd /srv/agent-workspaces/bakery-traceability/p0-svelte-check/node_modules/node
35 verbose os Linux 7.0.0-31-generic
36 verbose node v22.19.0
37 verbose npm  v10.9.3
38 verbose exit 0
39 info ok
